Parsed 5 rows

Row 1:
  ID: khm_6753_1025161831
  Text length: 59 chars
  Text: លោក នូ ហាច កើត នៅ ឃុំ កំពង់ ព្រះ ស្រុក សង្កែ ខេត្ត បាត់ដំបង...

Row 2:
  ID: khm_6753_1025508051
  Text length: 64 chars
  Text: គៀរហ្គីស្តង់ ជា ប្រទេស ដែល ជួប វិបត្តិ សង្គ្រាម មិន ស្រាកស្រ...

Row 3:
  ID: khm_6753_1030959111
  Text length: 37 chars
  Text: ភ្លើង ឆេះ យ៉ាង ខ្លាំង កាលពី ម្សិល មិញ...

Row 4:
  ID: khm_6753_1032825685
  Text length: 97 chars
  Text: តួលេខ លក់ ទំនិញ របស់ អាលី បាបា បាន ខ្ទង់ បី រយ ពាន់ លាន ដុល្...

Row 5:
  ID: khm_6753_1049864117
  Text length: 48 chars
  Text: ខេមរៈ ស្រីពៅ បាន ទស្សនិកជន នៅ ក្រៅ ប្រទេស គាំទ្រ...

